run_time=2026-09-16 20:02:27
port=55435
postgres_pid=14140
SET
CREATE SCHEMA
SET
DROP TABLE
CREATE TABLE
DROP TABLE
CREATE TABLE
DROP TABLE
CREATE TABLE
DROP TABLE
CREATE TABLE
DROP TABLE
CREATE TABLE
DROP TABLE
CREATE TABLE
DROP TABLE
CREATE TABLE
DROP TABLE
CREATE TABLE
DROP TABLE
CREATE TABLE
DROP TABLE
CREATE TABLE
DROP TABLE
CREATE TABLE
step=schema exit_code=0
SET
SET
COPY 12
COPY 48
COPY 301
COPY 52
COPY 7
COPY 5
COPY 12
COPY 12
COPY 28
COPY 7
COPY 8
step=import exit_code=0
SET
SET
COPY 11
COPY 14
COPY 5
step=queries exit_code=0
waiting for server to shut down.... done
server stopped
