run_time=2026-09-09 11:22:10
runtime_root=C:\Users\29818\AppData\Local\Temp\hhk_week12_postgresql_runtime_utf8
port=55434
postgres_pid=30512
127.0.0.1:55434 - accepting connections
SET
CREATE SCHEMA
SET
DROP TABLE
CREATE TABLE
DROP TABLE
CREATE TABLE
DROP TABLE
CREATE TABLE
DROP TABLE
CREATE TABLE
DROP TABLE
CREATE TABLE
DROP TABLE
CREATE TABLE
DROP TABLE
CREATE TABLE
DROP TABLE
CREATE TABLE
DROP TABLE
CREATE TABLE
DROP TABLE
CREATE TABLE
DROP TABLE
CREATE TABLE
DROP TABLE
CREATE TABLE
step=schema exit_code=0
SET
SET
COPY 4
COPY 300
COPY 298
COPY 56
COPY 3
COPY 4
COPY 7
COPY 5
COPY 8
COPY 6
COPY 10
COPY 7
step=import exit_code=0
SET
SET
COPY 12
COPY 8
step=queries exit_code=0
postgres_temp_import_status=PASS
step=status_query exit_code=0
waiting for server to shut down.... done
server stopped
step=stop exit_code=0
